======================================
Fri Jul 10 03:06:32 IST 2026
Fetching latest changes...
error: cannot pull with rebase: You have unstaged changes.
error: Please commit or stash them.
Pull failed. Resolve conflicts manually.
======================================
Fri Jul 10 03:06:42 IST 2026
Fetching latest changes...
error: cannot pull with rebase: You have unstaged changes.
error: Please commit or stash them.
Pull failed. Resolve conflicts manually.
[2026-07-10 10:29:06] ----------------------------------------
[2026-07-10 10:29:06] Auto Backup Started
[2026-07-10 10:29:06] ERROR: Repository HEAD is invalid.
[2026-07-10 10:29:06] Run: git status
[2026-07-10 10:29:20] ----------------------------------------
[2026-07-10 10:29:20] Auto Backup Started
[2026-07-10 10:29:20] ERROR: Repository HEAD is invalid.
[2026-07-10 10:29:20] Run: git status
[2026-07-10 10:38:13] ----------------------------------------
[2026-07-10 10:38:13] Auto Backup Started
[2026-07-10 10:38:13] Fetching latest changes...
